
Toshiba@DESKTOP-27QU420 MINGW64 ~/Desktop/new (master)
$ git init
Initialized empty Git repository in C:/Users/Toshiba/Desktop/new/.git/

Toshiba@DESKTOP-27QU420 MINGW64 ~/Desktop/new (master)
$ git add file1.txt

Toshiba@DESKTOP-27QU420 MINGW64 ~/Desktop/new (master)
$ git status
On branch master

No commits yet

Changes to be committed:
  (use "git rm --cached <file>..." to unstage)

        new file:   file1.txt

Untracked files:
  (use "git add <file>..." to include in what will be committed)

        file2.txt
        file3.txt


Toshiba@DESKTOP-27QU420 MINGW64 ~/Desktop/new (master)
$ git commit -m 'file1 added'
[master (root-commit) 8c08c81] file1 added
 1 file changed, 32 insertions(+)
 create mode 100644 file1.txt

Toshiba@DESKTOP-27QU420 MINGW64 ~/Desktop/new (master)
$ git status
On branch master
Untracked files:
  (use "git add <file>..." to include in what will be committed)

        file2.txt
        file3.txt

nothing added to commit but untracked files present (use "git add" to track)

Toshiba@DESKTOP-27QU420 MINGW64 ~/Desktop/new (master)
$ git add file2.txt

Toshiba@DESKTOP-27QU420 MINGW64 ~/Desktop/new (master)
$ git commit -m 'file2 added'
[master d93087d] file2 added
 1 file changed, 100 insertions(+)
 create mode 100644 file2.txt

Toshiba@DESKTOP-27QU420 MINGW64 ~/Desktop/new (master)
$ git status
On branch master
Untracked files:
  (use "git add <file>..." to include in what will be committed)

        file3.txt

nothing added to commit but untracked files present (use "git add" to track)

Toshiba@DESKTOP-27QU420 MINGW64 ~/Desktop/new (master)
$ git add file3.txt

Toshiba@DESKTOP-27QU420 MINGW64 ~/Desktop/new (master)
$ git commit -m 'file3 added'
[master aca7a11] file3 added
 1 file changed, 55 insertions(+)
 create mode 100644 file3.txt

Toshiba@DESKTOP-27QU420 MINGW64 ~/Desktop/new (master)
$ git status
On branch master
nothing to commit, working tree clean

Toshiba@DESKTOP-27QU420 MINGW64 ~/Desktop/new (master)
$ git log
commit aca7a113a6140e4276cf8b5314b477646ca1b486 (HEAD -> master)
Author: Menna Wael <mony.mw@gmail.com>
Date:   Mon Feb 12 01:38:34 2018 +0200

    file3 added

commit d93087dbd3915e33bd398323921f4af757f4eec5
Author: Menna Wael <mony.mw@gmail.com>
Date:   Mon Feb 12 01:37:43 2018 +0200

    file2 added

commit 8c08c811d6ff573366c8ed7c4b11fc37b579aa01
Author: Menna Wael <mony.mw@gmail.com>
Date:   Mon Feb 12 01:36:51 2018 +0200

    file1 added

Toshiba@DESKTOP-27QU420 MINGW64 ~/Desktop/new (master)
$ git reset file2.txt

Toshiba@DESKTOP-27QU420 MINGW64 ~/Desktop/new (master)
$ git status
On branch master
nothing to commit, working tree clean

Toshiba@DESKTOP-27QU420 MINGW64 ~/Desktop/new (master)
$ git rm file2.txt
rm 'file2.txt'

Toshiba@DESKTOP-27QU420 MINGW64 ~/Desktop/new (master)
$ git status
On branch master
Changes to be committed:
  (use "git reset HEAD <file>..." to unstage)

        deleted:    file2.txt


Toshiba@DESKTOP-27QU420 MINGW64 ~/Desktop/new (master)
$ git commit -m 'file2 deleted'
[master ce9b67f] file2 deleted
 1 file changed, 100 deletions(-)
 delete mode 100644 file2.txt

Toshiba@DESKTOP-27QU420 MINGW64 ~/Desktop/new (master)
$ git reset --hard head
HEAD is now at ce9b67f file2 deleted

Toshiba@DESKTOP-27QU420 MINGW64 ~/Desktop/new (master)
$ git status
On branch master
nothing to commit, working tree clean

Toshiba@DESKTOP-27QU420 MINGW64 ~/Desktop/new (master)
$ git log
commit ce9b67f6a2edf6f22254fb5c089ae0adaf714af4 (HEAD -> master)
Author: Menna Wael <mony.mw@gmail.com>
Date:   Mon Feb 12 01:46:04 2018 +0200

    file2 deleted

commit aca7a113a6140e4276cf8b5314b477646ca1b486
Author: Menna Wael <mony.mw@gmail.com>
Date:   Mon Feb 12 01:38:34 2018 +0200

    file3 added

commit d93087dbd3915e33bd398323921f4af757f4eec5
Author: Menna Wael <mony.mw@gmail.com>
Date:   Mon Feb 12 01:37:43 2018 +0200

    file2 added

commit 8c08c811d6ff573366c8ed7c4b11fc37b579aa01
Author: Menna Wael <mony.mw@gmail.com>
Date:   Mon Feb 12 01:36:51 2018 +0200

    file1 added

Toshiba@DESKTOP-27QU420 MINGW64 ~/Desktop/new (master)
$ git remote add origin https://github.com/mennaawael/sp0.git

Toshiba@DESKTOP-27QU420 MINGW64 ~/Desktop/new (master)
$ git push -u origin master
To https://github.com/mennaawael/sp0.git
 ! [rejected]        master -> master (fetch first)
error: failed to push some refs to 'https://github.com/mennaawael/sp0.git'
hint: Updates were rejected because the remote contains work that you do
hint: not have locally. This is usually caused by another repository pushing
hint: to the same ref. You may want to first integrate the remote changes
hint: (e.g., 'git pull ...') before pushing again.
hint: See the 'Note about fast-forwards' in 'git push --help' for details.

Toshiba@DESKTOP-27QU420 MINGW64 ~/Desktop/new (master)
$ ^C

Toshiba@DESKTOP-27QU420 MINGW64 ~/Desktop/new (master)
$ git pull --rebase origin master
warning: no common commits
remote: Counting objects: 3, done.
remote: Total 3 (delta 0), reused 0 (delta 0), pack-reused 0
Unpacking objects: 100% (3/3), done.
From https://github.com/mennaawael/sp0
 * branch            master     -> FETCH_HEAD
 * [new branch]      master     -> origin/master
First, rewinding head to replay your work on top of it...
Applying: file1 added
Applying: file2 added
Applying: file3 added
Applying: file2 deleted

Toshiba@DESKTOP-27QU420 MINGW64 ~/Desktop/new (master)
$ git push origin master
Counting objects: 11, done.
Delta compression using up to 4 threads.
Compressing objects: 100% (11/11), done.
Writing objects: 100% (11/11), 8.51 KiB | 2.13 MiB/s, done.
Total 11 (delta 3), reused 0 (delta 0)
remote: Resolving deltas: 100% (3/3), done.
To https://github.com/mennaawael/sp0.git
   843d99b..74b9ace  master -> master

Toshiba@DESKTOP-27QU420 MINGW64 ~/Desktop/new (master)
$ git revert -n  ce9b67f6a2edf6f22254fb5c089ae0adaf714af4

Toshiba@DESKTOP-27QU420 MINGW64 ~/Desktop/new (master|REVERTING)
$ git status
On branch master
You are currently reverting commit ce9b67f.
  (all conflicts fixed: run "git revert --continue")
  (use "git revert --abort" to cancel the revert operation)

Changes to be committed:
  (use "git reset HEAD <file>..." to unstage)

        new file:   file2.txt


Toshiba@DESKTOP-27QU420 MINGW64 ~/Desktop/new (master|REVERTING)
$ git commit -m 'file2 restored'
[master 23d15f2] file2 restored
 1 file changed, 100 insertions(+)
 create mode 100644 file2.txt

Toshiba@DESKTOP-27QU420 MINGW64 ~/Desktop/new (master)
$ git push origin master
Counting objects: 3, done.
Delta compression using up to 4 threads.
Compressing objects: 100% (3/3), done.
Writing objects: 100% (3/3), 3.37 KiB | 3.37 MiB/s, done.
Total 3 (delta 1), reused 0 (delta 0)
remote: Resolving deltas: 100% (1/1), completed with 1 local object.
To https://github.com/mennaawael/sp0.git
   74b9ace..23d15f2  master -> master

Toshiba@DESKTOP-27QU420 MINGW64 ~/Desktop/new (master)
$ git branch ReadMe

Toshiba@DESKTOP-27QU420 MINGW64 ~/Desktop/new (master)
$ git checkout ReadMe
Switched to branch 'ReadMe'

Toshiba@DESKTOP-27QU420 MINGW64 ~/Desktop/new (ReadMe)
$ git init
Reinitialized existing Git repository in C:/Users/Toshiba/Desktop/new/.git/

Toshiba@DESKTOP-27QU420 MINGW64 ~/Desktop/new (ReadMe)
$ ^C

Toshiba@DESKTOP-27QU420 MINGW64 ~/Desktop/new (ReadMe)
$ git status
On branch ReadMe
Changes not staged for commit:
  (use "git add <file>..." to update what will be committed)
  (use "git checkout -- <file>..." to discard changes in working directory)

        modified:   README.md

no changes added to commit (use "git add" and/or "git commit -a")

Toshiba@DESKTOP-27QU420 MINGW64 ~/Desktop/new (ReadMe)
$ git add ReadMe.md

Toshiba@DESKTOP-27QU420 MINGW64 ~/Desktop/new (ReadMe)
$ git status
On branch ReadMe
Changes not staged for commit:
  (use "git add <file>..." to update what will be committed)
  (use "git checkout -- <file>..." to discard changes in working directory)

        modified:   README.md

no changes added to commit (use "git add" and/or "git commit -a")

Toshiba@DESKTOP-27QU420 MINGW64 ~/Desktop/new (ReadMe)
$ git add ReadMe.md

Toshiba@DESKTOP-27QU420 MINGW64 ~/Desktop/new (ReadMe)
$ git status
On branch ReadMe
Changes not staged for commit:
  (use "git add <file>..." to update what will be committed)
  (use "git checkout -- <file>..." to discard changes in working directory)

        modified:   README.md

no changes added to commit (use "git add" and/or "git commit -a")

Toshiba@DESKTOP-27QU420 MINGW64 ~/Desktop/new (ReadMe)
$ git add README.md

Toshiba@DESKTOP-27QU420 MINGW64 ~/Desktop/new (ReadMe)
$ git status
On branch ReadMe
Changes to be committed:
  (use "git reset HEAD <file>..." to unstage)

        modified:   README.md


Toshiba@DESKTOP-27QU420 MINGW64 ~/Desktop/new (ReadMe)
$ git commit -m 'ReadMe file added to git'
[ReadMe 35045a0] ReadMe file added to git
 1 file changed, 15 insertions(+), 1 deletion(-)
 rewrite README.md (100%)

Toshiba@DESKTOP-27QU420 MINGW64 ~/Desktop/new (ReadMe)
$ git push
fatal: The current branch ReadMe has no upstream branch.
To push the current branch and set the remote as upstream, use

    git push --set-upstream origin ReadMe


Toshiba@DESKTOP-27QU420 MINGW64 ~/Desktop/new (ReadMe)
$ git push --set-upstream origin ReadMe
Counting objects: 3, done.
Delta compression using up to 4 threads.
Compressing objects: 100% (3/3), done.
Writing objects: 100% (3/3), 661 bytes | 661.00 KiB/s, done.
Total 3 (delta 0), reused 0 (delta 0)
To https://github.com/mennaawael/sp0.git
   23d15f2..35045a0  ReadMe -> ReadMe
Branch 'ReadMe' set up to track remote branch 'ReadMe' from 'origin'.

Toshiba@DESKTOP-27QU420 MINGW64 ~/Desktop/new (ReadMe)
$ git checkout master
Switched to branch 'master'

Toshiba@DESKTOP-27QU420 MINGW64 ~/Desktop/new (master)
$ git merge ReadMe
Updating 23d15f2..35045a0
Fast-forward
 README.md | 16 +++++++++++++++-
 1 file changed, 15 insertions(+), 1 deletion(-)

Toshiba@DESKTOP-27QU420 MINGW64 ~/Desktop/new (master)
$ git status
On branch master
nothing to commit, working tree clean

Toshiba@DESKTOP-27QU420 MINGW64 ~/Desktop/new (master)
$

Toshiba@DESKTOP-27QU420 MINGW64 ~/Desktop/new (master)
$

